// Jest Snapshot v1, https://goo.gl/fbAQLP

exports[`ViewProps should render 1`] = `null`;
