// Jest Snapshot v1, https://goo.gl/fbAQLP

exports[`App container should render 1`] = `
<CMF(App)
  deleteState={[Function]}
  dispatch={[Function]}
  dispatchActionCreator={[Function]}
  getComponent={[Function]}
  initState={[Function]}
  setState={[Function]}
  state={undefined}
  updateState={[Function]}
/>
`;
